<html>
<body>
<pre>
<h1>礦ision Build Log</h1>
<h2>Tool Versions:</h2>
IDE-Version: μVision V5.13.0.0
Copyright (C) 2014 ARM Ltd and ARM Germany GmbH. All rights reserved.
License Information: Liwei Ma, Microsoft, LIC=LSNNN-YSTHP-9GY70-BEHSM-H3ETN-KYMAQ
 
Tool Versions:
Toolchain:       MDK-ARM Standard  Version: 5.13.0.0
Toolchain Path:  C:\Keil_v5\ARM\ARMCC\Bin
C Compiler:      Armcc.exe V5.05 update 1 (build 106)
Assembler:       Armasm.exe V5.05 update 1 (build 106)
Linker/Locator:  ArmLink.exe V5.05 update 1 (build 106)
Library Manager: ArmAr.exe V5.05 update 1 (build 106)
Hex Converter:   FromElf.exe V5.05 update 1 (build 106)
CPU DLL:         SARMCM3.DLL V5.13.0.0
Dialog DLL:      DCM.DLL V1.13.1.0
Target DLL:      STLink\ST-LINKIII-KEIL_SWO.dll V2.0.14.0_KEIL
Dialog DLL:      TCM.DLL V1.14.4.0
 
<h2>Project:</h2>
E:\工程项目\3.9 湖南本科物联网应用大赛\WiFi连云平台20180621\project\WiFiToCloud-M3.uvprojx
Project File Date:  06/20/2018

<h2>Output:</h2>
Rebuild target 'WiFiToCloud-M3'
compiling main.c...
compiling stm32App.c...
compiling hal_buzzer.c...
compiling hal_timer2.c...
compiling hal_usart1.c...
compiling hal_uart4.c...
compiling core_cm3.c...
compiling stm32f10x_it.c...
compiling system_stm32f10x.c...
assembling startup_stm32f10x_hd.s...
compiling misc.c...
compiling stm32f10x_dma.c...
compiling stm32f10x_gpio.c...
compiling stm32f10x_pwr.c...
compiling stm32f10x_rcc.c...
compiling stm32f10x_tim.c...
compiling stm32f10x_usart.c...
compiling delay.c...
compiling sys.c...
compiling WiFiToCloud.c...
compiling HAL_WiFiToCloud.c...
linking...
Program Size: Code=8776 RO-data=356 RW-data=80 ZI-data=5768  
FromELF: creating hex file...
".\Objects\WiFiToCloud-M3.axf" - 0 Error(s), 0 Warning(s).

<h2>Collection of Component include folders:</h2>
  E:\工程项目\3.9 湖南本科物联网应用大赛\WiFi连云平台20180621\project\RTE
  C:\Keil_v5\ARM\PACK\Keil\STM32F1xx_DFP\2.2.0

<h2>Collection of Component Files used:</h2>
</pre>
</body>
</html>
