<html>
<body>
<pre>
<h1>礦ision Build Log</h1>
<h2>Tool Versions:</h2>
IDE-Version: μVision V5.13.0.0
Copyright (C) 2014 ARM Ltd and ARM Germany GmbH. All rights reserved.
License Information: Liwei Ma, Microsoft, LIC=LSNNN-YSTHP-9GY70-BEHSM-H3ETN-KYMAQ
 
Tool Versions:
Toolchain:       MDK-ARM Standard  Version: 5.13.0.0
Toolchain Path:  C:\Keil_v5\ARM\ARMCC\Bin
C Compiler:      Armcc.exe V5.05 update 1 (build 106)
Assembler:       Armasm.exe V5.05 update 1 (build 106)
Linker/Locator:  ArmLink.exe V5.05 update 1 (build 106)
Library Manager: ArmAr.exe V5.05 update 1 (build 106)
Hex Converter:   FromElf.exe V5.05 update 1 (build 106)
CPU DLL:         SARMCM3.DLL V5.13.0.0
Dialog DLL:      DCM.DLL V1.13.1.0
Target DLL:      STLink\ST-LINKIII-KEIL_SWO.dll V2.0.14.0_KEIL
Dialog DLL:      TCM.DLL V1.14.4.0
 
<h2>Project:</h2>
E:\工程项目\3.9 湖南本科物联网应用大赛\1. 项目源代码\云平台智能保险箱20180622\project\软件代码\project.uvprojx
Project File Date:  06/27/2018

<h2>Output:</h2>
Build target 'STM3210E_RELEASE'
compiling main.c...
code\main.c(378): warning:  #188-D: enumerated type mixed with another type
        GPIO_WriteBit(LIGHT_PORT, LIGHT_PIN, 1);
code\main.c(382): warning:  #188-D: enumerated type mixed with another type
        GPIO_WriteBit(LIGHT_PORT, LIGHT_PIN, 0);
code\main.c(432): warning:  #223-D: function "isRight_Pwd_IdCard" declared implicitly
                        if(isRight_Pwd_IdCard(buf, ID_CARD_PWD_LEN))
code\main.c(532): warning:  #223-D: function "clear_PwdCache" declared implicitly
                                        clear_PwdCache();
code\main.c(540): warning:  #223-D: function "clear_PwdCache" declared implicitly
                                        clear_PwdCache();
code\main.c(548): warning:  #223-D: function "clear_PwdCache" declared implicitly
                                        clear_PwdCache();
code\main.c(556): warning:  #223-D: function "clear_PwdCache" declared implicitly
                                        clear_PwdCache();
code\main.c(577): warning:  #223-D: function "isRight_Pwd_Digit" declared implicitly
                                        if(isRight_Pwd_Digit(curDigitPwd, curDigitPwd_offset))
code\main.c(590): warning:  #223-D: function "clear_PwdCache" declared implicitly
                                        clear_PwdCache();
code\main.c(700): warning:  #223-D: function "clear_PwdCache" declared implicitly
                                        clear_PwdCache();
code\main.c(717): warning:  #223-D: function "clear_PwdCache" declared implicitly
                                        clear_PwdCache();
code\main.c(726): warning:  #223-D: function "clear_PwdCache" declared implicitly
                                        clear_PwdCache();
code\main.c(735): warning:  #223-D: function "clear_PwdCache" declared implicitly
                                        clear_PwdCache();
code\main.c(767): warning:  #223-D: function "isRight_Pwd_Digit" declared implicitly
                                                if(isRight_Pwd_Digit(curDigitPwd, curDigitPwd_offset))
code\main.c(779): warning:  #223-D: function "clear_PwdCache" declared implicitly
                                        clear_PwdCache();
code\main.c(787): warning:  #223-D: function "clear_PwdCache" declared implicitly
                                        clear_PwdCache();
code\main.c(615): warning:  #177-D: variable "buf" was declared but never referenced
        uint8_t buf[8];
code\main.c(907): warning:  #223-D: function "isRight_Pwd_Digit" declared implicitly
                                                if(isRight_Pwd_Digit(curDigitPwd, curDigitPwd_offset))
code\main.c(919): warning:  #223-D: function "clear_PwdCache" declared implicitly
                                        clear_PwdCache();
code\main.c(932): warning:  #223-D: function "clear_PwdCache" declared implicitly
                                        clear_PwdCache();
code\main.c(941): warning:  #223-D: function "clear_PwdCache" declared implicitly
                                        clear_PwdCache();
code\main.c(959): warning:  #223-D: function "clear_PwdCache" declared implicitly
                                        clear_PwdCache();
code\main.c(969): warning:  #223-D: function "clear_PwdCache" declared implicitly
                                        clear_PwdCache();
code\main.c(1011): warning:  #223-D: function "isRight_Pwd_Digit" declared implicitly
                                                if(isRight_Pwd_Digit(curDigitPwd, curDigitPwd_offset))
code\main.c(1023): warning:  #223-D: function "clear_PwdCache" declared implicitly
                                        clear_PwdCache();
code\main.c(1031): warning:  #223-D: function "clear_PwdCache" declared implicitly
                                        clear_PwdCache();
code\main.c(1160): warning:  #223-D: function "clear_PwdCache" declared implicitly
                                        clear_PwdCache();
code\main.c(1169): warning:  #223-D: function "clear_PwdCache" declared implicitly
                                        clear_PwdCache();
code\main.c(1178): warning:  #223-D: function "clear_PwdCache" declared implicitly
                                        clear_PwdCache();
code\main.c(1197): warning:  #223-D: function "clear_PwdCache" declared implicitly
                                        clear_PwdCache();
code\main.c(1232): warning:  #223-D: function "isRight_Pwd_Digit" declared implicitly
                                                if(isRight_Pwd_Digit(curDigitPwd, curDigitPwd_offset))
code\main.c(1244): warning:  #223-D: function "clear_PwdCache" declared implicitly
                                        clear_PwdCache();
code\main.c(1252): warning:  #223-D: function "clear_PwdCache" declared implicitly
                                        clear_PwdCache();
code\main.c(1053): warning:  #177-D: variable "buf" was declared but never referenced
        uint8_t buf[8];
code\main.c(1352): warning:  #223-D: function "clear_PwdCache" declared implicitly
                                        clear_PwdCache();
code\main.c(1361): warning:  #223-D: function "clear_PwdCache" declared implicitly
                                        clear_PwdCache();
code\main.c(1370): warning:  #223-D: function "clear_PwdCache" declared implicitly
                                        clear_PwdCache();
code\main.c(1379): warning:  #223-D: function "clear_PwdCache" declared implicitly
                                        clear_PwdCache();
code\main.c(1389): warning:  #223-D: function "clear_PwdCache" declared implicitly
                                        clear_PwdCache();
code\main.c(1409): warning:  #223-D: function "isRight_Pwd_Digit" declared implicitly
                                        if(isRight_Pwd_Digit(curDigitPwd, curDigitPwd_offset))
code\main.c(1416): warning:  #225-D: the format string ends before this argument
                                                LCD_PRINT(3,0,lcd_show,"Clear alert", val);
code\main.c(1426): warning:  #223-D: function "clear_PwdCache" declared implicitly
                                        clear_PwdCache();
code\main.c(1434): warning:  #223-D: function "clear_PwdCache" declared implicitly
                                        clear_PwdCache();
code\main.c(1274): warning:  #177-D: variable "buf" was declared but never referenced
        uint8_t buf[8];
code\main.c(1276): warning:  #550-D: variable "isAlreadyOldPwd" was set but never used
        static uint8_t isAlreadyOldPwd = 0;
code\main.c: 45 warnings, 0 errors
compiling app_pwd.c...
code\app\app_pwd.c(259): warning:  #223-D: function "delay_ms" declared implicitly
        delay_ms(5);
code\app\app_pwd.c: 1 warning, 0 errors
compiling LCD12864.c...
compiling keyboard_drv.c...
compiling adc.c...
compiling eeprom.c...
compiling lf125k.c...
compiling ultrasonic.c...
compiling rtc.c...
compiling systick.c...
compiling usart.c...
compiling SegLED_16bit.c...
compiling buzzer.c...
code\Drv\Buzzer\buzzer.c(56): warning:  #177-D: variable "TIM_OCInitStructure" was declared but never referenced
        TIM_OCInitTypeDef  TIM_OCInitStructure;
code\Drv\Buzzer\buzzer.c(248): warning:  #188-D: enumerated type mixed with another type
                                GPIO_WriteBit(GPIOA, GPIO_Pin_8, data & 0x01);
code\Drv\Buzzer\buzzer.c(38): warning:  #177-D: variable "CCR1_Val" was declared but never referenced
  static uint16_t CCR1_Val = 10000;
code\Drv\Buzzer\buzzer.c(53): warning:  #177-D: function "TIM1_pwm_init" was declared but never referenced
  static void TIM1_pwm_init(void)
code\Drv\Buzzer\buzzer.c: 4 warnings, 0 errors
compiling ir_alert.c...
compiling door.c...
code\Drv\Door\door.c(43): warning:  #188-D: enumerated type mixed with another type
        GPIO_WriteBit(DOOR_OUT_PORT, DOOR_OUT_PIN, 1);
code\Drv\Door\door.c(44): warning:  #223-D: function "delay_ms" declared implicitly
        delay_ms(50);
code\Drv\Door\door.c(45): warning:  #188-D: enumerated type mixed with another type
        GPIO_WriteBit(DOOR_OUT_PORT, DOOR_OUT_PIN, 0);
code\Drv\Door\door.c: 3 warnings, 0 errors
compiling hal_uart4.c...
compiling hal_timer2.c...
compiling eeprom_flash.c...
compiling My_InitTask.c...
compiling stm32f10x_it.c...
compiling bsp_flash.c...
code\Bsp\bsp_flash.c(145): warning:  #940-D: missing return statement at end of non-void function "demo_flash"
  }
code\Bsp\bsp_flash.c: 1 warning, 0 errors
compiling misc.c...
compiling system_stm32f10x.c...
compiling stm32f10x_exti.c...
compiling stm32f10x_flash.c...
compiling stm32f10x_gpio.c...
compiling stm32f10x_rcc.c...
compiling stm32f10x_usart.c...
compiling stm32f10x_spi.c...
compiling stm32f10x_sdio.c...
compiling stm32f10x_dma.c...
compiling stm32f10x_tim.c...
compiling stm32f10x_adc.c...
compiling stm32f10x_i2c.c...
compiling stm32f10x_rtc.c...
compiling stm32f10x_bkp.c...
compiling stm32f10x_pwr.c...
compiling core_cm3.c...
assembling startup_stm32f10x_hd.s...
compiling sys.c...
compiling HAL_WiFiToCloud.c...
compiling WiFiToCloud.c...
linking...
Program Size: Code=21732 RO-data=628 RW-data=2828 ZI-data=2812  
FromELF: creating hex file...
".\Obj\stm32-cloudsfaebox0627-1.axf" - 0 Error(s), 54 Warning(s).

<h2>Collection of Component include folders:</h2>
  E:\工程项目\3.9 湖南本科物联网应用大赛\1. 项目源代码\云平台智能保险箱20180622\project\软件代码\RTE
  C:\Keil_v5\ARM\PACK\Keil\STM32F1xx_DFP\2.2.0

<h2>Collection of Component Files used:</h2>
</pre>
</body>
</html>
